Warning: You are sending unauthenticated requests to the HF Hub. Please set a HF_TOKEN to enable higher rate limits and faster downloads.
Loading weights:   0%|          | 0/230 [00:00<?, ?it/s]Loading weights: 100%|##########| 230/230 [00:00<00:00, 22832.90it/s]
[transformers] [1mWav2Vec2Model LOAD REPORT[0m from: facebook/wav2vec2-xls-r-300m
Key                                                                      | Status     |  | 
-------------------------------------------------------------------------+------------+--+-
wav2vec2.encoder.layers.{12...23}.final_layer_norm.weight                | UNEXPECTED |  | 
wav2vec2.encoder.layers.{12...23}.feed_forward.intermediate_dense.bias   | UNEXPECTED |  | 
wav2vec2.encoder.layers.{12...23}.attention.q_proj.weight                | UNEXPECTED |  | 
wav2vec2.encoder.layers.{12...23}.layer_norm.weight                      | UNEXPECTED |  | 
wav2vec2.encoder.layers.{12...23}.feed_forward.output_dense.weight       | UNEXPECTED |  | 
wav2vec2.encoder.layers.{12...23}.attention.out_proj.weight              | UNEXPECTED |  | 
wav2vec2.encoder.layers.{12...23}.attention.q_proj.bias                  | UNEXPECTED |  | 
wav2vec2.encoder.layers.{12...23}.layer_norm.bias                        | UNEXPECTED |  | 
wav2vec2.encoder.layers.{12...23}.feed_forward.intermediate_dense.weight | UNEXPECTED |  | 
wav2vec2.encoder.layers.{12...23}.attention.k_proj.bias                  | UNEXPECTED |  | 
wav2vec2.encoder.layers.{12...23}.attention.v_proj.bias                  | UNEXPECTED |  | 
wav2vec2.encoder.layers.{12...23}.attention.v_proj.weight                | UNEXPECTED |  | 
project_hid.bias                                                         | UNEXPECTED |  | 
wav2vec2.encoder.layers.{12...23}.final_layer_norm.bias                  | UNEXPECTED |  | 
wav2vec2.encoder.layers.{12...23}.attention.k_proj.weight                | UNEXPECTED |  | 
wav2vec2.encoder.layers.{12...23}.attention.out_proj.bias                | UNEXPECTED |  | 
project_q.weight                                                         | UNEXPECTED |  | 
project_hid.weight                                                       | UNEXPECTED |  | 
wav2vec2.encoder.layers.{12...23}.feed_forward.output_dense.bias         | UNEXPECTED |  | 
quantizer.codevectors                                                    | UNEXPECTED |  | 
quantizer.weight_proj.bias                                               | UNEXPECTED |  | 
quantizer.weight_proj.weight                                             | UNEXPECTED |  | 
project_q.bias                                                           | UNEXPECTED |  | 

Notes:
- UNEXPECTED:	can be ignored when loading from different task/architecture; not ok if you expect identical arch.
step 50 loss 0.6941 34s
step 100 loss 0.4449 63s
step 150 loss 0.3359 142s
step 200 loss 0.1779 235s
step 250 loss 0.0918 314s
step 300 loss 0.0061 399s
step 350 loss 0.4537 433s
step 400 loss 0.0016 461s
step 450 loss 0.0173 490s
step 500 loss 0.0013 519s
